// Jest Snapshot v1, https://goo.gl/fbAQLP

exports[`DefValue should render properly 1`] = `
<span>
  One, Two
</span>
`;
